// Jest Snapshot v1, https://goo.gl/fbAQLP

exports[`rehypeHighlightCodeBlock does nothing to code block, missing <code></code> 1`] = `"<pre>p { color: red }</pre>"`;

exports[`rehypeHighlightCodeBlock does nothing to code block, missing <pre></pre> 1`] = `"<code>p { color: red }</code>"`;

exports[`rehypeHighlightCodeBlock does nothing to code block, missing pre > code 1`] = `"<div>p { color: red }</div>"`;

exports[`rehypeHighlightCodeBlock mocks syntax highlighting properly 1`] = `
"<div>
  <p>foo</p>
  <pre><code><span>mockSyntaxHighlighting</span></code></pre>
  <p>bar</p>
</div>"
`;
